hooks/useFeatureFeedback.ts(2,26): error TS2307: Cannot find module '@react-native-async-storage/async-storage' or its corresponding type declarations.
